2025-04-15 10:02:58,634 - INFO - Successfully scraped job: Security Guard Patrol Officer
2025-04-15 10:02:58,637 - INFO - Successfully scraped job: Research Assistant x1, Harare/Mt Darwin
2025-04-15 10:02:58,644 - INFO - Successfully scraped job: Projects Sales Manager
2025-04-15 10:02:58,648 - INFO - Successfully scraped job: CASH TRANSFER SERVICES
2025-04-15 10:02:58,655 - INFO - Successfully scraped job: PROJECT ADMINISTRATION ASSISTANT
2025-04-15 10:02:58,666 - INFO - Successfully scraped job: REGISTERED GENERAL NURSE: AIDS HEALTHCARE FOUNDATION    (BEITBRIDGE)
2025-04-15 10:02:58,675 - INFO - Successfully scraped job: Attachee Digital Marketing
2025-04-15 10:02:58,680 - INFO - Successfully scraped job: Principal Officer: Catering Industry Pension Fund (CIPF)
2025-04-15 10:02:58,826 - INFO - Successfully scraped job: Chief Risk Analyst - Quantitative Risk and Data Analytics
2025-04-15 10:02:58,863 - INFO - Successfully scraped job: MEDICAL OFFICERS: AIDS HEALTHCARE FOUNDATION  (CHITUNGWIZA; BEITBRIDGE; TSHOLOTSHO)
2025-04-15 10:02:58,961 - INFO - \u2705 scraped_jobs.csv has been created!
2025-04-15 10:04:13,232 - INFO - Successfully scraped job: Security Guard Patrol Officer
2025-04-15 10:04:13,235 - INFO - Successfully scraped job: Research Assistant x1, Harare/Mt Darwin
2025-04-15 10:04:13,239 - INFO - Successfully scraped job: Projects Sales Manager
2025-04-15 10:04:13,243 - INFO - Successfully scraped job: CASH TRANSFER SERVICES
2025-04-15 10:04:13,245 - INFO - Successfully scraped job: PROJECT ADMINISTRATION ASSISTANT
2025-04-15 10:04:13,248 - INFO - Successfully scraped job: REGISTERED GENERAL NURSE: AIDS HEALTHCARE FOUNDATION    (BEITBRIDGE)
2025-04-15 10:04:13,253 - INFO - Successfully scraped job: Attachee Digital Marketing
2025-04-15 10:04:13,256 - INFO - Successfully scraped job: Principal Officer: Catering Industry Pension Fund (CIPF)
2025-04-15 10:04:13,261 - INFO - Successfully scraped job: Chief Risk Analyst - Quantitative Risk and Data Analytics
2025-04-15 10:04:13,263 - INFO - Successfully scraped job: MEDICAL OFFICERS: AIDS HEALTHCARE FOUNDATION  (CHITUNGWIZA; BEITBRIDGE; TSHOLOTSHO)
2025-04-15 10:04:13,297 - INFO - \u2705 scraped_jobs.csv has been created!
2025-04-15 10:05:30,044 - INFO - Successfully scraped job: Security Guard Patrol Officer
2025-04-15 10:05:30,046 - INFO - Successfully scraped job: Research Assistant x1, Harare/Mt Darwin
2025-04-15 10:05:30,051 - INFO - Successfully scraped job: Projects Sales Manager
2025-04-15 10:05:30,055 - INFO - Successfully scraped job: CASH TRANSFER SERVICES
2025-04-15 10:05:30,057 - INFO - Successfully scraped job: PROJECT ADMINISTRATION ASSISTANT
2025-04-15 10:05:30,059 - INFO - Successfully scraped job: REGISTERED GENERAL NURSE: AIDS HEALTHCARE FOUNDATION    (BEITBRIDGE)
2025-04-15 10:05:30,068 - INFO - Successfully scraped job: Attachee Digital Marketing
2025-04-15 10:05:30,071 - INFO - Successfully scraped job: Principal Officer: Catering Industry Pension Fund (CIPF)
2025-04-15 10:05:30,074 - INFO - Successfully scraped job: Chief Risk Analyst - Quantitative Risk and Data Analytics
2025-04-15 10:05:30,080 - INFO - Successfully scraped job: MEDICAL OFFICERS: AIDS HEALTHCARE FOUNDATION  (CHITUNGWIZA; BEITBRIDGE; TSHOLOTSHO)
2025-04-15 10:05:30,091 - INFO - \u2705 scraped_jobs.csv has been created!
2025-04-15 11:05:31,237 - INFO - Successfully scraped job: Security Guard Patrol Officer
2025-04-15 11:05:31,240 - INFO - Successfully scraped job: Research Assistant x1, Harare/Mt Darwin
2025-04-15 11:05:31,244 - INFO - Successfully scraped job: Projects Sales Manager
2025-04-15 11:05:31,246 - INFO - Successfully scraped job: CASH TRANSFER SERVICES
2025-04-15 11:05:31,249 - INFO - Successfully scraped job: PROJECT ADMINISTRATION ASSISTANT
2025-04-15 11:05:31,252 - INFO - Successfully scraped job: REGISTERED GENERAL NURSE: AIDS HEALTHCARE FOUNDATION    (BEITBRIDGE)
2025-04-15 11:05:31,255 - INFO - Successfully scraped job: Attachee Digital Marketing
2025-04-15 11:05:31,257 - INFO - Successfully scraped job: Principal Officer: Catering Industry Pension Fund (CIPF)
2025-04-15 11:05:31,261 - INFO - Successfully scraped job: Chief Risk Analyst - Quantitative Risk and Data Analytics
2025-04-15 11:05:31,264 - INFO - Successfully scraped job: MEDICAL OFFICERS: AIDS HEALTHCARE FOUNDATION  (CHITUNGWIZA; BEITBRIDGE; TSHOLOTSHO)
2025-04-15 11:05:31,302 - INFO - \u2705 scraped_jobs.csv has been created!
